../main/Src/drive.c:35:6:Drive_Test_Menu	4	static
../main/Src/drive.c:45:6:Save_Length	16	static
../main/Src/drive.c:56:6:Drive_LPTIM5_IRQ	4	static
../main/Src/drive.c:67:6:Drive_Start	8	static
../main/Src/drive.c:71:6:Drive_Stop	8	static
../main/Src/drive.c:75:6:Buzzer_Start	8	static
../main/Src/drive.c:80:6:Buzzer_Stop	8	static
../main/Src/drive.c:100:6:Drive_First	4	static
../main/Src/drive.c:108:6:Drive_Second	4	static
../main/Src/drive.c:112:6:Drive_Third	4	static
../main/Src/drive.c:116:6:Drive_Forth	4	static
../main/Src/drive.c:120:6:Mark_Debug	4	static
