../Src/tim.c:37:6:MX_TIM1_Init	112	static
../Src/tim.c:111:6:MX_TIM3_Init	48	static
../Src/tim.c:163:6:MX_TIM4_Init	48	static
../Src/tim.c:215:6:MX_TIM6_Init	24	static
../Src/tim.c:248:6:MX_TIM7_Init	24	static
../Src/tim.c:281:6:MX_TIM15_Init	112	static
../Src/tim.c:352:6:MX_TIM16_Init	8	static
../Src/tim.c:379:6:MX_TIM17_Init	80	static
../Src/tim.c:437:6:HAL_TIM_Base_MspInit	40	static
../Src/tim.c:512:6:HAL_TIM_PWM_MspInit	24	static
../Src/tim.c:538:6:HAL_TIM_MspPostInit	56	static
../Src/tim.c:653:6:HAL_TIM_Base_MspDeInit	16	static
../Src/tim.c:727:6:HAL_TIM_PWM_MspDeInit	16	static
