../Drivers/BSP/ST7789/st7789.c:15:13:ST7789_Delay	16	static
../Drivers/BSP/ST7789/st7789.c:20:13:ST7789_Select	8	static
../Drivers/BSP/ST7789/st7789.c:23:13:ST7789_UnSelect	8	static
../Drivers/BSP/ST7789/st7789.c:28:6:ST7789_WriteCommand	16	static
../Drivers/BSP/ST7789/st7789.c:36:6:ST7789_WriteData	16	static
../Drivers/BSP/ST7789/st7789.c:44:13:ST7789_WriteSmallData	16	static
../Drivers/BSP/ST7789/st7789.c:49:13:ST7789_SetAddressWindow	40	static
../Drivers/BSP/ST7789/st7789.c:71:6:ST7789_Init	8	static
../Drivers/BSP/ST7789/st7789.c:98:6:ST7789_FillScreen	24	static
../Drivers/BSP/ST7789/st7789.c:119:6:ST7789_DrawPixel	24	static
../Drivers/BSP/ST7789/st7789.c:131:6:ST7789_DrawUser8x16	40	static
../Drivers/BSP/ST7789/st7789.c:182:6:ST7789_DrawImage	24	static
